hello from aerith